// Jest Snapshot v1, https://goo.gl/fbAQLP

exports[`<Properties/> If properties are found they are rendered 1`] = `
<DocumentFragment>
  <div
    class="container"
    style="margin-bottom: 6em;"
  >
    <h1>
      Properties
    </h1>
    <div>
      <div>
        <div
          class="my-properties"
        >
          <h2>
            Test Title
          </h2>
          <section
            class="short-property default-pointer"
          >
            <div
              class="short-property-image-container"
            >
              <img
                alt="property"
                class="short-property-image"
              />
              <div
                class="icon-container"
              >
                <svg
                  aria-hidden="true"
                  class="svg-inline--fa fa-camera fa-w-16 "
                  data-icon="camera"
                  data-prefix="fas"
                  focusable="false"
                  role="img"
                  viewBox="0 0 512 512"
                  xmlns="http://www.w3.org/2000/svg"
                >
                  <path
                    d="M512 144v288c0 26.5-21.5 48-48 48H48c-26.5 0-48-21.5-48-48V144c0-26.5 21.5-48 48-48h88l12.3-32.9c7-18.7 24.9-31.1 44.9-31.1h125.5c20 0 37.9 12.4 44.9 31.1L376 96h88c26.5 0 48 21.5 48 48zM376 288c0-66.2-53.8-120-120-120s-120 53.8-120 120 53.8 120 120 120 120-53.8 120-120zm-32 0c0 48.5-39.5 88-88 88s-88-39.5-88-88 39.5-88 88-88 88 39.5 88 88z"
                    fill="currentColor"
                  />
                </svg>
                <span>
                  1
                </span>
              </div>
            </div>
            <div
              class="short-property-right"
            >
              <div
                class="short-property-title hide"
              >
                 New property in undefined
              </div>
              <div
                class="hide"
              >
                <p
                  class="short-property-description"
                />
              </div>
              <h3
                class="property-id"
              >
                Property ID: 1
              </h3>
              <div
                style="padding: 1em;"
              >
                <div
                  class="display-text-group"
                >
                  <span
                    class="displayed-text"
                  >
                    Test Description 
                  </span>
                </div>
              </div>
              <section
                class="property-icons"
              >
                <div
                  class="details-icons"
                >
                  <div
                    class="property-icons-container"
                  >
                    <svg
                      aria-hidden="true"
                      class="svg-inline--fa fa-bed fa-w-20 property-icons-svg"
                      data-icon="bed"
                      data-prefix="fas"
                      focusable="false"
                      role="img"
                      viewBox="0 0 640 512"
                      xmlns="http://www.w3.org/2000/svg"
                    >
                      <path
                        d="M176 256c44.11 0 80-35.89 80-80s-35.89-80-80-80-80 35.89-80 80 35.89 80 80 80zm352-128H304c-8.84 0-16 7.16-16 16v144H64V80c0-8.84-7.16-16-16-16H16C7.16 64 0 71.16 0 80v352c0 8.84 7.16 16 16 16h32c8.84 0 16-7.16 16-16v-48h512v48c0 8.84 7.16 16 16 16h32c8.84 0 16-7.16 16-16V240c0-61.86-50.14-112-112-112z"
                        fill="currentColor"
                      />
                    </svg>
                    <span
                      class="property-icons-text"
                    >
                      3
                    </span>
                  </div>
                  <div
                    class="property-icons-container"
                  >
                    <svg
                      aria-hidden="true"
                      class="svg-inline--fa fa-bath fa-w-16 property-icons-svg"
                      data-icon="bath"
                      data-prefix="fas"
                      focusable="false"
                      role="img"
                      viewBox="0 0 512 512"
                      xmlns="http://www.w3.org/2000/svg"
                    >
                      <path
                        d="M32,384a95.4,95.4,0,0,0,32,71.09V496a16,16,0,0,0,16,16h32a16,16,0,0,0,16-16V480H384v16a16,16,0,0,0,16,16h32a16,16,0,0,0,16-16V455.09A95.4,95.4,0,0,0,480,384V336H32ZM496,256H80V69.25a21.26,21.26,0,0,1,36.28-15l19.27,19.26c-13.13,29.88-7.61,59.11,8.62,79.73l-.17.17A16,16,0,0,0,144,176l11.31,11.31a16,16,0,0,0,22.63,0L283.31,81.94a16,16,0,0,0,0-22.63L272,48a16,16,0,0,0-22.62,0l-.17.17c-20.62-16.23-49.83-21.75-79.73-8.62L150.22,20.28A69.25,69.25,0,0,0,32,69.25V256H16A16,16,0,0,0,0,272v16a16,16,0,0,0,16,16H496a16,16,0,0,0,16-16V272A16,16,0,0,0,496,256Z"
                        fill="currentColor"
                      />
                    </svg>
                    <span
                      class="property-icons-text"
                    >
                      2
                    </span>
                  </div>
                  <div
                    class="property-icons-container"
                  >
                    <svg
                      aria-hidden="true"
                      class="svg-inline--fa fa-map-marker fa-w-12 property-icons-svg"
                      data-icon="map-marker"
                      data-prefix="fas"
                      focusable="false"
                      role="img"
                      viewBox="0 0 384 512"
                      xmlns="http://www.w3.org/2000/svg"
                    >
                      <path
                        d="M172.268 501.67C26.97 291.031 0 269.413 0 192 0 85.961 85.961 0 192 0s192 85.961 192 192c0 77.413-26.97 99.031-172.268 309.67-9.535 13.774-29.93 13.773-39.464 0z"
                        fill="currentColor"
                      />
                    </svg>
                    <span
                      class="property-icons-text"
                    >
                      Test Location
                    </span>
                  </div>
                </div>
              </section>
            </div>
          </section>
        </div>
      </div>
    </div>
  </div>
</DocumentFragment>
`;
